//! FR-CIV-PLANET-040 — deterministic geology seed layer.
//!
//! `GeologyMap::seed` is purely config-derived, produces a stable `Vec<RegionBiome>`
//! for every call with the same `PlanetConfig`, and never touches tick or RNG.

#![forbid(unsafe_code)]

use serde::{Deserialize, Serialize};

use crate::PlanetConfig;

/// Canonical biome archetypes for a planet region.
///
/// The first six variants (`Ocean`..`Tundra`) are the original geology-seed
/// archetypes produced by [`GeologyMap::seed`]; they are preserved exactly for
/// backward compatibility. The remaining variants are the enriched
/// Whittaker-style biomes produced by [`classify_biome`] from per-cell
/// elevation / temperature / moisture.
#[derive(Debug, Clone, Copy, PartialEq, Eq, Hash, Serialize, Deserialize)]
pub enum BiomeKind {
    /// Open water — radius-derived; large planets have proportionally more ocean.
    Ocean,
    /// Flat grassland and savanna.
    Plains,
    /// Temperate and tropical forest.
    Forest,
    /// High-altitude or tectonic uplift terrain.
    Mountain,
    /// Arid low-humidity terrain.
    Desert,
    /// Cold polar or high-altitude terrain.
    Tundra,
    // ── Enriched Whittaker biomes (additive; produced by `classify_biome`) ──
    /// Coastal beach — narrow band just above sea level.
    Beach,
    /// Tropical dry grassland / scrubland (hot + moderate moisture).
    Savanna,
    /// Temperate dry grassland (temperate + low moisture).
    Grassland,
    /// Tropical wet forest (hot + high moisture).
    Rainforest,
    /// Cold coniferous boreal forest (cold + moisture).
    Taiga,
    /// High-altitude permanent ice / snow (high elevation + very cold).
    Glacier,
    /// Waterlogged temperate lowland (marsh / bog / swamp).
    Wetland,
}

// ── Whittaker classification thresholds ──────────────────────────────────────
// `classify_biome` takes elevation (normalised 0..1, sea level = 0.0),
// temperature in °C, and moisture in mm/year.

/// Sea level on the normalised elevation scale; below this is [`BiomeKind::Ocean`].
const ELEV_SEA_LEVEL: f32 = 0.0;
/// Upper bound of the coastal [`BiomeKind::Beach`] band.
const ELEV_BEACH_MAX: f32 = 0.05;
/// Minimum elevation for a high-altitude cell.
const ELEV_GLACIER_MIN: f32 = 0.75;
/// Minimum elevation for a [`BiomeKind::Mountain`] cell.
const ELEV_MOUNTAIN_MIN: f32 = 0.60;

/// Temperature (°C) above which a cell is "hot".
const TEMP_HOT: f32 = 20.0;
/// Temperature (°C) at/above which a cell is "temperate".
const TEMP_COLD: f32 = 0.0;
/// Temperature (°C) below which a cell is "very cold" (Tundra / Glacier).
const TEMP_VERY_COLD: f32 = -5.0;

/// Moisture (mm/year) below which a cell is "dry".
const MOIST_DRY: f32 = 30.0;
/// Moisture (mm/year) above which a temperate cell is "moderately wet".
const MOIST_MODERATE: f32 = 100.0;
/// Moisture (mm/year) above which a cell is "very wet".
const MOIST_WET: f32 = 150.0;

/// Fixed-point denominator used by [`crate::weather::WeatherCell`] fields
/// (`temp_c_fp`, `precip_mm_fp`); divide by this to recover the real unit.
const FP_SCALE: f32 = 1_000.0;

/// Classify a single cell into a [`BiomeKind`] using Whittaker-style rules.
///
/// This is a per-cell complement to [`GeologyMap::seed`] (which assigns coarse
/// region archetypes from [`PlanetConfig`]). It reuses the same [`BiomeKind`]
/// enum — superset, not a parallel type.
///
/// # Parameters
/// * `elevation`   — normalised height in `(-∞, 1]`; sea level = `0.0`.
/// * `temperature` — mean temperature in **°C**.
/// * `moisture`    — annual precipitation in **mm/year**.
///
/// # Rule priority
/// 1. Elevation overrides: Ocean → Beach → Glacier (cold) → Mountain.
/// 2. Temperature × moisture grid (hot / temperate / cold / very-cold).
pub fn classify_biome(elevation: f32, temperature: f32, moisture: f32) -> BiomeKind {
    // ── 1. Elevation overrides ───────────────────────────────────────────────
    if elevation < ELEV_SEA_LEVEL {
        return BiomeKind::Ocean;
    }
    if elevation <= ELEV_BEACH_MAX {
        return BiomeKind::Beach;
    }
    if elevation >= ELEV_GLACIER_MIN && temperature <= TEMP_VERY_COLD {
        return BiomeKind::Glacier;
    }
    if elevation >= ELEV_MOUNTAIN_MIN {
        return BiomeKind::Mountain;
    }

    // ── 2. Temperature × moisture grid ──────────────────────────────────────
    if temperature > TEMP_HOT {
        // Hot band
        if moisture < MOIST_DRY {
            BiomeKind::Desert
        } else if moisture < MOIST_WET {
            BiomeKind::Savanna
        } else {
            BiomeKind::Rainforest
        }
    } else if temperature >= TEMP_COLD {
        // Temperate band (0 °C .. 20 °C]
        if moisture < MOIST_DRY {
            BiomeKind::Grassland
        } else if moisture < MOIST_MODERATE {
            BiomeKind::Forest
        } else if moisture >= MOIST_WET {
            BiomeKind::Wetland
        } else {
            BiomeKind::Forest
        }
    } else if temperature >= TEMP_VERY_COLD {
        // Cold band (-5 °C .. 0 °C)
        BiomeKind::Taiga
    } else {
        // Very cold band (< -5 °C)
        BiomeKind::Tundra
    }
}

/// Classify a [`crate::weather::WeatherCell`] at the given normalised
/// `elevation`, converting its fixed-point `temp_c_fp` / `precip_mm_fp` fields
/// to real units before delegating to [`classify_biome`].
pub fn classify_weather_cell(cell: &crate::weather::WeatherCell, elevation: f32) -> BiomeKind {
    let temperature = cell.temp_c_fp as f32 / FP_SCALE;
    let moisture = cell.precip_mm_fp as f32 / FP_SCALE;
    classify_biome(elevation, temperature, moisture)
}

/// A single region's biome assignment.
#[derive(Debug, Clone, Copy, PartialEq, Eq, Serialize, Deserialize)]
pub struct RegionBiome {
    /// Stable integer identifier for this region (0-based).
    pub region_id: u32,
    /// Assigned biome archetype.
    pub biome: BiomeKind,
}

/// Deterministic planet-wide geology map derived from [`PlanetConfig`].
#[derive(Debug, Clone, PartialEq, Eq, Serialize, Deserialize)]
pub struct GeologyMap {
    /// One entry per region; length == `NUM_REGIONS` (16).
    pub regions: Vec<RegionBiome>,
}

impl BiomeKind {
    /// Return `true` when the affinity label string from a [`SeedDefinition`]
    /// is considered a match for this biome archetype.
    ///
    /// The comparison is case-sensitive and uses a curated alias table so the
    /// genetics crate can stay decoupled from `BiomeKind` while scenario
    /// authors can still use natural names like `"TemperateForest"` or
    /// `"Grassland"`.
    #[must_use]
    pub fn matches_affinity(self, label: &str) -> bool {
        match self {
            BiomeKind::Forest => matches!(
                label,
                "Forest" | "TemperateForest" | "TropicalForest" | "Jungle"
            ),
            BiomeKind::Ocean => matches!(label, "Ocean" | "Tidepool" | "DeepOcean" | "Sea"),
            BiomeKind::Mountain => {
                matches!(label, "Mountain" | "Alpine" | "Highland" | "Volcano")
            }
            BiomeKind::Desert => matches!(label, "Desert" | "Arid" | "Badlands" | "Dunes"),
            BiomeKind::Tundra => {
                matches!(
                    label,
                    "Tundra" | "Arctic" | "Boreal" | "Taiga" | "Permafrost"
                )
            }
            BiomeKind::Plains => {
                matches!(
                    label,
                    "Plains" | "Grassland" | "Savanna" | "Steppe" | "Prairie"
                )
            }
            BiomeKind::Grassland => {
                matches!(
                    label,
                    "Grassland" | "Plains" | "Steppe" | "Prairie" | "Meadow"
                )
            }
            BiomeKind::Savanna => {
                matches!(label, "Savanna" | "Grassland" | "Scrubland" | "Drylands")
            }
            BiomeKind::Rainforest => {
                matches!(label, "Rainforest" | "Jungle" | "TropicalForest" | "Forest")
            }
            BiomeKind::Taiga => {
                matches!(label, "Taiga" | "Boreal" | "BorealForest" | "Tundra")
            }
            BiomeKind::Wetland => {
                matches!(label, "Wetland" | "Marsh" | "Swamp" | "Bog" | "Fen")
            }
            BiomeKind::Beach => {
                matches!(label, "Beach" | "Coast" | "Shore" | "Coastal")
            }
            BiomeKind::Glacier => {
                matches!(label, "Glacier" | "Ice" | "Icecap" | "Arctic")
            }
        }
    }
}

impl GeologyMap {
    /// Derive a deterministic geology map from `planet_config`.
    ///
    /// # Determinism guarantee
    /// The result depends only on `planet_config` fields; no external state,
    /// no RNG, no tick. Identical inputs always produce identical outputs.
    ///
    /// # Region count
    /// Uses a fixed grid of 16 canonical regions, each assigned a biome based
    /// on its normalised latitude and `radius_km` / `axial_tilt_deg`.
    ///
    /// # Biome model (all integer arithmetic)
    /// Each region `r` in `0..16` is assigned a latitude band in `[-8, +8]`.
    /// - `|band| >= 7` → Tundra (poles)
    /// - `|band| >= 5` → Mountain (sub-polar uplift)
    /// - Ocean fraction = `radius_km * 8 / 6_371` clamped to `[0, 16]` — regions
    ///   with `r < ocean_regions` get Ocean.
    /// - Remaining equatorial band: Desert when `axial_tilt_deg < 10`, Forest
    ///   when `axial_tilt_deg > 30`, else Plains (temperate).
    pub fn seed(planet_config: &PlanetConfig) -> GeologyMap {
        const NUM_REGIONS: u32 = 16;
        // Ocean fraction: earth-sized planet (6_371 km) → 8 ocean regions out of 16.
        // Scale linearly; clamp to [0, NUM_REGIONS].
        let ocean_regions =
            ((planet_config.radius_km as u64 * 8) / 6_371).min(NUM_REGIONS as u64) as u32;

        let mut regions = Vec::with_capacity(NUM_REGIONS as usize);
        for r in 0..NUM_REGIONS {
            // Latitude band in [-8, +8], centre-mapped from region index.
            // r=0 → band=-8 (south pole), r=15 → band=+8 (north pole)
            let band: i32 = -8 + (r as i32 * 16 / (NUM_REGIONS as i32 - 1));

            let biome = if r < ocean_regions {
                BiomeKind::Ocean
            } else if band.unsigned_abs() >= 7 {
                BiomeKind::Tundra
            } else if band.unsigned_abs() >= 5 {
                BiomeKind::Mountain
            } else if planet_config.axial_tilt_deg < 10 {
                BiomeKind::Desert
            } else if planet_config.axial_tilt_deg > 30 {
                BiomeKind::Forest
            } else {
                BiomeKind::Plains
            };

            regions.push(RegionBiome {
                region_id: r,
                biome,
            });
        }

        GeologyMap { regions }
    }

    /// Map a normalised horizontal position `(nx, nz) ∈ [0, 1]²` to the
    /// biome archetype of the region it falls in.
    ///
    /// The 16-region grid produced by [`GeologyMap::seed`] is a 1-D latitude
    /// band (region 0 = south pole, region 15 = north pole) derived entirely
    /// from the planet's `radius_km` and `axial_tilt_deg`. For the purposes of
    /// spawn-time biome lookup we map the north–south axis (nz) to the region
    /// index so equatorial spawns land in equatorial biomes and polar spawns in
    /// polar biomes. The east–west axis (nx) is ignored here because the 1-D
    /// band model has no longitudinal variation.
    ///
    /// Returns [`BiomeKind::Plains`] when `regions` is empty (defensive).
    #[must_use]
    pub fn biome_at_normalized(&self, _nx: f32, nz: f32) -> BiomeKind {
        if self.regions.is_empty() {
            return BiomeKind::Plains;
        }
        let n = self.regions.len();
        // Clamp nz to [0, 1] and map to [0, n-1] with rounding.
        let idx = ((nz.clamp(0.0, 1.0) * (n - 1) as f32).round() as usize).min(n - 1);
        self.regions[idx].biome
    }
}

#[cfg(test)]
mod tests {
    use super::*;
    use crate::defaults_earthlike;

    /// BiomeKind::matches_affinity maps label strings to biome archetypes correctly.
    #[test]
    fn biome_affinity_label_bridge() {
        // Forest matches canonical and alias labels.
        assert!(BiomeKind::Forest.matches_affinity("Forest"));
        assert!(BiomeKind::Forest.matches_affinity("TemperateForest"));
        assert!(BiomeKind::Forest.matches_affinity("TropicalForest"));
        // Ocean matches ocean / coastal aliases.
        assert!(BiomeKind::Ocean.matches_affinity("Ocean"));
        assert!(BiomeKind::Ocean.matches_affinity("Tidepool"));
        // Cross-biome false.
        assert!(!BiomeKind::Ocean.matches_affinity("Forest"));
        assert!(!BiomeKind::Forest.matches_affinity("Ocean"));
        assert!(!BiomeKind::Mountain.matches_affinity("Desert"));
        // Other biomes.
        assert!(BiomeKind::Desert.matches_affinity("Arid"));
        assert!(BiomeKind::Tundra.matches_affinity("Arctic"));
        assert!(BiomeKind::Tundra.matches_affinity("Boreal"));
        assert!(BiomeKind::Plains.matches_affinity("Grassland"));
        assert!(BiomeKind::Plains.matches_affinity("Savanna"));
        assert!(BiomeKind::Mountain.matches_affinity("Alpine"));
        // Unknown label never matches anything.
        assert!(!BiomeKind::Plains.matches_affinity("Bog"));
        assert!(!BiomeKind::Desert.matches_affinity(""));
    }

    /// biome_at_normalized returns polar biomes near edges and equatorial near centre.
    #[test]
    fn biome_at_normalized_maps_latitude_to_region() {
        // Use a planet with high axial tilt so equatorial regions are Forest.
        let (mut planet, _) = defaults_earthlike();
        planet.axial_tilt_deg = 40; // > 30 → equatorial Forest
        let map = GeologyMap::seed(&planet);

        // nz = 0.5 → equatorial → Forest
        let mid = map.biome_at_normalized(0.0, 0.5);
        assert_eq!(
            mid,
            BiomeKind::Forest,
            "mid-latitude should be Forest with high axial tilt"
        );

        // nz = 0.0 → south pole → Tundra or Ocean (depends on radius)
        let south = map.biome_at_normalized(0.0, 0.0);
        assert!(
            south == BiomeKind::Tundra || south == BiomeKind::Ocean,
            "south pole should be polar, got {south:?}"
        );

        // nz = 1.0 → north pole → Tundra or Ocean
        let north = map.biome_at_normalized(0.0, 1.0);
        assert!(
            north == BiomeKind::Tundra || north == BiomeKind::Ocean,
            "north pole should be polar, got {north:?}"
        );
    }

    /// FR-CIV-PLANET-040 — same PlanetConfig always produces a bit-identical GeologyMap.
    #[test]
    fn geology_map_is_stable_for_same_planet_config() {
        let (planet, _) = defaults_earthlike();
        let a = GeologyMap::seed(&planet);
        let b = GeologyMap::seed(&planet);
        assert_eq!(
            a, b,
            "GeologyMap must be identical across two calls with the same PlanetConfig"
        );

        // Sensitivity: changing radius_km by 1000 km must produce a different map
        // (ocean fraction changes, verifying config is actually consumed).
        let mut tweaked = planet;
        tweaked.radius_km = planet.radius_km + 1_000;
        let c = GeologyMap::seed(&tweaked);
        // The tweak shifts ocean_regions; maps must differ.
        assert_ne!(
            a.regions.iter().map(|r| r.biome as u8).collect::<Vec<_>>(),
            c.regions.iter().map(|r| r.biome as u8).collect::<Vec<_>>(),
            "radius_km delta of 1000 km must change the geology map"
        );
    }

    /// FR-CIV-PLANET-040 — the equatorial biome is driven by `axial_tilt_deg`:
    /// arid (<10°) → Desert, humid (>30°) → Forest, temperate → Plains. Covers
    /// the three tilt-dependent branches of `seed`.
    #[test]
    fn equatorial_biome_follows_axial_tilt() {
        let (planet, _) = defaults_earthlike();

        let mut arid = planet;
        arid.axial_tilt_deg = 5; // < 10 -> Desert
        assert!(
            GeologyMap::seed(&arid)
                .regions
                .iter()
                .any(|r| r.biome == BiomeKind::Desert),
            "low axial tilt must yield Desert regions"
        );

        let mut humid = planet;
        humid.axial_tilt_deg = 40; // > 30 -> Forest
        assert!(
            GeologyMap::seed(&humid)
                .regions
                .iter()
                .any(|r| r.biome == BiomeKind::Forest),
            "high axial tilt must yield Forest regions"
        );

        // Earthlike default (23°) is temperate -> Plains at the equator.
        assert!(
            GeologyMap::seed(&planet)
                .regions
                .iter()
                .any(|r| r.biome == BiomeKind::Plains),
            "temperate axial tilt must yield Plains regions"
        );
    }

    // ── Whittaker per-cell classifier (`classify_biome`) ─────────────────────

    /// FR-CIV-PLANET-050 — hot + very wet → Rainforest.
    #[test]
    fn classify_rainforest_hot_wet() {
        assert_eq!(classify_biome(0.3, 28.0, 300.0), BiomeKind::Rainforest);
        assert_eq!(classify_biome(0.2, 21.0, 160.0), BiomeKind::Rainforest);
    }

    /// FR-CIV-PLANET-050 — cold + wet → Taiga.
    #[test]
    fn classify_taiga_cold_wet() {
        assert_eq!(classify_biome(0.3, -2.0, 200.0), BiomeKind::Taiga);
        assert_eq!(classify_biome(0.1, -4.0, 40.0), BiomeKind::Taiga);
    }

    /// FR-CIV-PLANET-050 — hot + moderate moisture → Savanna.
    #[test]
    fn classify_savanna_hot_moderate() {
        assert_eq!(classify_biome(0.3, 30.0, 80.0), BiomeKind::Savanna);
        assert_eq!(classify_biome(0.2, 25.0, 149.0), BiomeKind::Savanna);
    }

    /// FR-CIV-PLANET-050 — high elevation + very cold → Glacier.
    #[test]
    fn classify_glacier_high_cold() {
        assert_eq!(classify_biome(0.80, -10.0, 50.0), BiomeKind::Glacier);
        assert_eq!(classify_biome(0.75, -5.0, 0.0), BiomeKind::Glacier);
    }

    /// FR-CIV-PLANET-050 — temperate lowland + very wet → Wetland.
    #[test]
    fn classify_wetland_low_wet() {
        assert_eq!(classify_biome(0.2, 12.0, 200.0), BiomeKind::Wetland);
        assert_eq!(classify_biome(0.1, 5.0, 150.0), BiomeKind::Wetland);
    }

    /// FR-CIV-PLANET-050 — the enriched classifier still returns the original
    /// six archetypes for representative inputs, guaranteeing backward
    /// compatibility with the pre-enrichment `BiomeKind` set.
    #[test]
    fn classify_preserves_original_six() {
        // Ocean: below sea level.
        assert_eq!(classify_biome(-0.5, 15.0, 100.0), BiomeKind::Ocean);
        // Mountain: high (but not glacial-cold) elevation.
        assert_eq!(classify_biome(0.65, 10.0, 100.0), BiomeKind::Mountain);
        // Desert: hot + dry lowland.
        assert_eq!(classify_biome(0.3, 35.0, 10.0), BiomeKind::Desert);
        // Forest: temperate + moderate moisture.
        assert_eq!(classify_biome(0.3, 15.0, 60.0), BiomeKind::Forest);
        // Tundra: very cold lowland.
        assert_eq!(classify_biome(0.3, -20.0, 10.0), BiomeKind::Tundra);
        // Plains is still produced by GeologyMap::seed at temperate tilt.
        let (planet, _) = defaults_earthlike();
        assert!(GeologyMap::seed(&planet)
            .regions
            .iter()
            .any(|r| r.biome == BiomeKind::Plains));
    }

    /// FR-CIV-PLANET-050 — at fixed elevation/temperature, rising moisture moves
    /// a temperate cell Grassland → Forest → Wetland and a hot cell
    /// Desert → Savanna → Rainforest (moisture monotonicity).
    #[test]
    fn classify_moisture_monotonicity() {
        assert_eq!(classify_biome(0.3, 15.0, 10.0), BiomeKind::Grassland);
        assert_eq!(classify_biome(0.3, 15.0, 60.0), BiomeKind::Forest);
        assert_eq!(classify_biome(0.3, 15.0, 200.0), BiomeKind::Wetland);

        assert_eq!(classify_biome(0.3, 25.0, 10.0), BiomeKind::Desert);
        assert_eq!(classify_biome(0.3, 25.0, 80.0), BiomeKind::Savanna);
        assert_eq!(classify_biome(0.3, 25.0, 200.0), BiomeKind::Rainforest);
    }

    // ── `classify_weather_cell` (terrain / heightfield bridge) ──────────────
    //
    // `classify_weather_cell` is the only public function in the crate that
    // integrates a per-cell `WeatherCell` (fixed-point temp + precip) with a
    // caller-supplied terrain elevation to produce a `BiomeKind`. It is the
    // primary terrain/heightfield bridge between civ-weather and the biome
    // taxonomy, so it gets dedicated direct coverage here.

    /// `classify_weather_cell` must be exactly equivalent to `classify_biome`
    /// after dividing the cell's fixed-point temp/precip by `FP_SCALE` (1 000).
    #[test]
    fn classify_weather_cell_matches_classify_biome() {
        let cell = crate::weather::WeatherCell {
            region_id: 0,
            latitude_fp: 0,
            season: crate::weather::SeasonKind::Summer,
            kind: crate::weather::WeatherKind::Clear,
            temp_c_fp: 25_000,
            precip_mm_fp: 200_000,
            storm_intensity_fp: 0,
        };

        for elevation in [-0.25_f32, 0.0, 0.04, 0.3, 0.7, 0.8, 0.95] {
            let direct = classify_biome(elevation, 25.0, 200.0);
            let via_cell = classify_weather_cell(&cell, elevation);
            assert_eq!(
                via_cell, direct,
                "classify_weather_cell must agree with classify_biome at elevation={elevation}"
            );
        }
    }

    /// Elevation-override branches (Ocean / Beach / Glacier / Mountain) survive
    /// the fixed-point conversion unchanged.
    #[test]
    fn classify_weather_cell_respects_elevation_overrides() {
        // Sub-sea-level elevation always wins, regardless of weather.
        let cell = crate::weather::WeatherCell {
            region_id: 7,
            latitude_fp: 12_000,
            season: crate::weather::SeasonKind::Winter,
            kind: crate::weather::WeatherKind::Snow,
            temp_c_fp: -20_000,
            precip_mm_fp: 300_000,
            storm_intensity_fp: 5_000,
        };
        assert_eq!(classify_weather_cell(&cell, -0.1), BiomeKind::Ocean);

        // Beach band (0 < elev <= 0.05).
        assert_eq!(classify_weather_cell(&cell, 0.0), BiomeKind::Beach);
        assert_eq!(classify_weather_cell(&cell, 0.05), BiomeKind::Beach);

        // Glacier at high elevation + very cold (temp_c_fp <= -5_000 → -5 °C).
        assert_eq!(classify_weather_cell(&cell, 0.8), BiomeKind::Glacier);

        // Mountain at high elevation but not glacial (warm up the cell).
        let mut warm = cell;
        warm.temp_c_fp = 10_000;
        assert_eq!(classify_weather_cell(&warm, 0.7), BiomeKind::Mountain);
    }

    /// Hot + wet WeatherCell → Rainforest (Whittaker hot/wet band survives the
    /// fixed-point divide by 1 000 without off-by-one errors at the boundary).
    #[test]
    fn classify_weather_cell_hot_wet_is_rainforest() {
        let cell = crate::weather::WeatherCell {
            region_id: 3,
            latitude_fp: 0,
            season: crate::weather::SeasonKind::Summer,
            kind: crate::weather::WeatherKind::Rain,
            temp_c_fp: 28_000,   // 28.0 °C
            precip_mm_fp: 300_000, // 300 mm/year
            storm_intensity_fp: 0,
        };
        assert_eq!(classify_weather_cell(&cell, 0.3), BiomeKind::Rainforest);
    }

    /// Temperate + very-wet WeatherCell → Wetland.
    #[test]
    fn classify_weather_cell_temperate_wet_is_wetland() {
        let cell = crate::weather::WeatherCell {
            region_id: 5,
            latitude_fp: 25_000,
            season: crate::weather::SeasonKind::Spring,
            kind: crate::weather::WeatherKind::Rain,
            temp_c_fp: 12_000,    // 12 °C
            precip_mm_fp: 200_000, // 200 mm/year
            storm_intensity_fp: 1_000,
        };
        assert_eq!(classify_weather_cell(&cell, 0.2), BiomeKind::Wetland);
    }

    /// Round-trip via a real `compute_weather` snapshot: every cell of an
    /// earthlike climate vector classifies to one of the canonical biome
    /// archetypes — never panics, never returns an out-of-range enum value.
    /// This is the integration test that exercises the weather→biome terrain
    /// pipeline end-to-end.
    #[test]
    fn classify_weather_cell_end_to_end_with_compute_weather() {
        let (planet, _) = defaults_earthlike();
        let climate = crate::compute_climate(123_456, &planet, &planet_as_moon(&planet));
        let cells = crate::compute_weather(&climate, 123_456, 16);

        // Sweep a coarse normalised elevation grid across all 16 cells.
        for elev_idx in 0..=10 {
            let elevation = elev_idx as f32 / 10.0; // 0.0 .. 1.0
            for cell in &cells {
                let biome = classify_weather_cell(cell, elevation);
                // Result must always be one of the defined BiomeKind variants.
                // We assert this by checking against itself + Debug formatting,
                // since `BiomeKind` is `Copy` and has no "invalid" sentinel.
                let debug = format!("{biome:?}");
                assert!(
                    !debug.is_empty(),
                    "classify_weather_cell returned an invalid biome"
                );
            }
        }
    }
}

// Helper for `classify_weather_cell_end_to_end_with_compute_weather`: builds a
// `MoonConfig` from a `PlanetConfig` (uses the same day_length as the moon
// orbit period) so the climate snapshot is well-formed.
fn planet_as_moon(planet: &PlanetConfig) -> crate::MoonConfig {
    crate::MoonConfig {
        orbit_period_ticks: planet.day_length_ticks.saturating_mul(10).max(1),
        tidal_amplitude: 0.6,
    }
}
