DAG Unit A2 - Verification
===========================
Commit SHA : abf0f45
Branch     : dag-A2-2026-06-25
Timestamp  : 2026-06-25T12:00:00Z
Status     : VERIFIED
Results    : C:\Users\koosh\_compute_infra_audit\scaffolding\dispatch_phase1\compose-pool\results_A2.txt
Grade      : C:\Users\koosh\_compute_infra_audit\scaffolding\dispatch_phase1\compose-pool\grade_A2.json
