//! Allocation engines (CIV-002 §allocation, FR-ECON-005). Joule/planned regimes
//! plus consumer priority-tier allocation (subsistence filled before luxury).

use std::collections::BTreeMap;

use serde::{Deserialize, Serialize};

/// Pluggable allocation mechanism (capitalist, planned, joule, hybrid).
pub trait AllocationEngine {
    /// Allocate up to `demand` from `budget` (joules or good units).
    fn allocate(&self, budget: i64, demand: i64) -> i64;
}

/// Capitalist / market regime: proportional rationing when supply is scarce.
#[derive(Debug, Clone, Copy, Default, PartialEq, Eq)]
pub struct CapitalistAllocator;

impl AllocationEngine for CapitalistAllocator {
    fn allocate(&self, budget: i64, demand: i64) -> i64 {
        if demand <= 0 || budget <= 0 {
            return 0;
        }
        // fill_bps = min(10_000, budget * 10_000 / demand)
        let fill_bps = budget
            .saturating_mul(10_000)
            .checked_div(demand)
            .unwrap_or(i64::MAX)
            .min(10_000);
        demand.saturating_mul(fill_bps) / 10_000
    }
}

/// Planned / command regime: satisfy demand fully up to the budget ceiling, no
/// proportional rationing. Distributional shortfall is borne entirely by demand
/// that exceeds budget (caller orders consumers by priority — see
/// [`allocate_by_priority`]).
#[derive(Debug, Clone, Copy, Default, PartialEq, Eq)]
pub struct PlannedAllocator;

impl AllocationEngine for PlannedAllocator {
    fn allocate(&self, budget: i64, demand: i64) -> i64 {
        if demand <= 0 || budget <= 0 {
            return 0;
        }
        demand.min(budget)
    }
}

/// Joule / thermodynamic regime: identical fill curve to the planned regime at a
/// single good, but kept distinct so engines can weight by joule cost when the
/// hybrid scheduler routes energy-priced goods through it.
#[derive(Debug, Clone, Copy, Default, PartialEq, Eq)]
pub struct JouleAllocator;

impl AllocationEngine for JouleAllocator {
    fn allocate(&self, budget: i64, demand: i64) -> i64 {
        if demand <= 0 || budget <= 0 {
            return 0;
        }
        demand.min(budget)
    }
}

/// Lifecycle-modulated allocator (FR-CIV-LIFE-010..014 / CIV-003 §P4-A).
///
/// Scales the requested `demand` down by a per-tick mean `capacity` in
/// `[0.0, 1.0]` (e.g. derived from
/// [`civ_needs::lifecycle::labor_capacity`]) before delegating to an inner
/// allocator. `capacity = 1.0` passes the full demand through unchanged;
/// `capacity = 0.0` blocks all of it. The constructor clamps
/// out-of-range inputs so the allocator remains safe to feed straight from
/// measurement code that has not yet been validated.
#[derive(Debug, Clone, Copy, PartialEq)]
pub struct LaborCapacityAllocator<A: AllocationEngine = CapitalistAllocator> {
    /// Per-tick workforce capacity modifier in `[0.0, 1.0]`. Constructed via
    /// [`Self::with_capacity`] which clamps the raw input.
    pub capacity: f32,
    /// Inner allocator that decides the fill curve once the demand has been
    /// scaled down by `capacity`. Defaults to [`CapitalistAllocator`].
    pub inner: A,
}

impl Default for LaborCapacityAllocator {
    fn default() -> Self {
        Self {
            capacity: 1.0,
            inner: CapitalistAllocator,
        }
    }
}

impl LaborCapacityAllocator<CapitalistAllocator> {
    /// Construct a labor-capacity allocator with a clamped `capacity` in
    /// `[0.0, 1.0]` and the default [`CapitalistAllocator`] inner regime.
    /// Values outside the range are clamped so callers can pass raw measurements
    /// without pre-validating them.
    #[must_use]
    pub fn with_capacity(capacity: f32) -> Self {
        Self {
            capacity: clamp01(capacity),
            inner: CapitalistAllocator,
        }
    }
}

impl<A: AllocationEngine> AllocationEngine for LaborCapacityAllocator<A> {
    fn allocate(&self, budget: i64, demand: i64) -> i64 {
        // A non-finite capacity collapses to zero (block all demand); the
        // clamp on construction already protects the common path, but we
        // defensively re-clamp here in case a caller hands us a constructed
        // value that came from elsewhere (e.g. deserialization).
        if !self.capacity.is_finite() || self.capacity <= 0.0 {
            return 0;
        }
        if demand <= 0 || budget <= 0 {
            return 0;
        }
        let scaled = (demand as f32 * self.capacity).floor() as i64;
        let scaled = scaled.max(0);
        self.inner.allocate(budget, scaled)
    }
}

fn clamp01(value: f32) -> f32 {
    if !value.is_finite() {
        return 0.0;
    }
    value.clamp(0.0, 1.0)
}

/// Consumer priority tiers, highest priority first (declaration order = ranking).
/// Subsistence demand is fully met before any lower tier receives a unit.
#[derive(Debug, Clone, Copy, PartialEq, Eq, PartialOrd, Ord, Hash)]
pub enum PriorityTier {
    /// Survival floor (food, water, heat) — filled first.
    Subsistence,
    /// Basic goods (clothing, tools).
    Basic,
    /// Comfort goods (housing upgrades, leisure).
    Comfort,
    /// Luxury goods — filled last, first to be cut.
    Luxury,
}

/// Allocate a scarce `budget` across tiered demands, highest priority first.
///
/// Higher tiers are filled completely before lower tiers receive anything. The
/// tier where the budget runs out is rationed proportionally via `engine`; all
/// strictly-lower tiers receive zero. Returns one allocation per input demand,
/// in the input order (not sorted), so callers can zip results back to consumers.
pub fn allocate_by_priority(
    engine: &dyn AllocationEngine,
    budget: i64,
    demands: &[(PriorityTier, i64)],
) -> Vec<i64> {
    let mut out = vec![0i64; demands.len()];
    if budget <= 0 {
        return out;
    }

    // Stable index list sorted by tier priority (Subsistence first).
    let mut order: Vec<usize> = (0..demands.len()).collect();
    order.sort_by_key(|&i| demands[i].0);

    let mut remaining = budget;
    for &i in &order {
        let (_, demand) = demands[i];
        if demand <= 0 || remaining <= 0 {
            continue;
        }
        let granted = engine.allocate(remaining, demand);
        out[i] = granted;
        remaining = remaining.saturating_sub(granted);
    }
    out
}

/// Selectable allocation regime — the economy layer picks one and routes all
/// rationing through [`allocate_with`] (FR-ECON-005). Serializable so a scenario
/// or policy can set the regime deterministically.
#[derive(Debug, Clone, Copy, PartialEq, Eq, Default, serde::Serialize, serde::Deserialize)]
pub enum AllocationRegime {
    /// Proportional market rationing (price-clearing proxy). Default.
    #[default]
    Capitalist,
    /// Command fill: meet demand up to budget, no proportional rationing.
    Planned,
    /// Energy-priced fill; identical curve to planned at a single good, kept
    /// distinct so the hybrid scheduler can weight by joule cost.
    Joule,
}

/// Allocate `demand` from `budget` under the chosen [`AllocationRegime`].
///
/// Single dispatch point so callers (e.g. the engine's economy phase) select a
/// regime without naming concrete allocator types.
#[must_use]
pub fn allocate_with(regime: AllocationRegime, budget: i64, demand: i64) -> i64 {
    match regime {
        AllocationRegime::Capitalist => CapitalistAllocator.allocate(budget, demand),
        AllocationRegime::Planned => PlannedAllocator.allocate(budget, demand),
        AllocationRegime::Joule => JouleAllocator.allocate(budget, demand),
    }
}

// ---------------------------------------------------------------------------
// FR-ECON-005: Subsistence-first need allocator.
// ---------------------------------------------------------------------------

/// Numeric good identifier (FR-ECON-005). Integer-friendly: stable across
/// serialization, replays, and external registry mappings.
pub type GoodId = u32;

/// One unit of need satisfaction equals this fraction of the agent's total
/// need. With `SCALE = 10`, an agent with `satisfaction = 0.3` has a deficit
/// of `0.7` and needs `ceil(0.7 * 10) = 7` units to be fully served.
///
/// 10 was chosen so that `f64` deficit values in the common `[0.0, 1.0]`
/// range map cleanly to a small positive `i64` unit count (0..=10) without
/// rounding loss for one-decimal satisfactions.
const SCALE: i64 = 10;

/// Classifies an agent's need: subsistence needs are filled before any
/// luxury allocation, and unmet subsistence increments the agent's
/// deprivation counter (FR-ECON-005).
#[derive(Debug, Clone, Copy, PartialEq, Eq, Hash, Serialize, Deserialize)]
pub enum NeedKind {
    /// Need required to sustain the agent (food, water, shelter, ...).
    Subsistence,
    /// Discretionary need served only from leftover stock.
    Luxury,
}

/// A single per-agent need statement (FR-ECON-005).
///
/// `satisfaction` is a fraction in `[0.0, 1.0]`. Values outside the range are
/// clamped: `satisfaction >= 1.0` means the need is already met (deficit 0),
/// `satisfaction <= 0.0` means the agent needs the full `SCALE` units.
#[derive(Debug, Clone, Copy, PartialEq, Serialize, Deserialize)]
pub struct AgentNeed {
    /// Stable agent identifier.
    pub agent_id: u32,
    /// Good that satisfies this need.
    pub good: GoodId,
    /// Subsistence vs luxury classification.
    pub kind: NeedKind,
    /// Current satisfaction in `[0.0, 1.0]` (clamped on read).
    pub satisfaction: f64,
}

impl AgentNeed {
    /// Deficit in `[0.0, 1.0]` (1.0 minus satisfaction, clamped at 0).
    fn deficit(&self) -> f64 {
        debug_assert!(
            self.satisfaction.is_finite(),
            "agent {} satisfaction must be finite, got {}",
            self.agent_id,
            self.satisfaction,
        );
        (1.0 - self.satisfaction).max(0.0)
    }

    /// Integer unit count needed to fully meet this need (`ceil(deficit *
    /// SCALE)`), or 0 if the need is already satisfied.
    fn need_units(&self) -> i64 {
        let deficit = self.deficit();
        if deficit <= 0.0 {
            return 0;
        }
        // `deficit` is in [0.0, 1.0] and `SCALE = 10`, so the result is at
        // most 10. Use `ceil` so a deficit of 0.05 still needs 1 unit.
        let raw = deficit * SCALE as f64;
        let clamped = raw.clamp(0.0, SCALE as f64);
        clamped.ceil() as i64
    }
}

/// Result of [`subsistence_first_allocate`] (FR-ECON-005).
///
/// All three maps are keyed for stable, deterministic iteration:
/// * `received` — agent id → integer units received (sum across all needs
///   for that agent; per-call this is at most one need per agent, but the
///   type is `BTreeMap` so callers can accumulate across multiple passes).
/// * `deprivation_counters` — agent id → number of unmet subsistence needs
///   observed during this call. Luxury needs never increment this counter.
/// * `unallocated` — good id → integer units of stock remaining after the
///   pass (always present for goods that appeared in the input stock, even
///   when the remaining count is 0).
#[derive(Debug, Clone, Default, PartialEq, Eq, Serialize, Deserialize)]
pub struct AllocationOutcome {
    /// Per-agent units received.
    pub received: BTreeMap<u32, i64>,
    /// Per-agent count of unmet subsistence needs.
    pub deprivation_counters: BTreeMap<u32, u32>,
    /// Per-good leftover stock after allocation.
    pub unallocated: BTreeMap<GoodId, i64>,
}

/// Subsistence-first need allocator (FR-ECON-005).
///
/// Algorithm:
/// 1. For each [`AgentNeed`], compute the integer unit deficit
///    `need_units = ceil((1.0 - satisfaction) * 10)` (clamped to `[0, 10]`).
/// 2. Sort all needs by `(kind: Subsistence first, deficit desc, agent_id
///    asc)`. This is the canonical tie-breaker: identical inputs always
///    produce identical iteration order, so the result is deterministic.
/// 3. Walk the sorted list once. For each need, hand out
///    `min(need_units, stock[good])` units of that good (0 if the good is
///    not in stock). Subtract from `stock` and add to `received[agent_id]`.
/// 4. If a Subsistence need is unmet (`allocated < need_units`),
///    `deprivation_counters[agent_id] += 1`. Luxury needs never increment
///    deprivation.
/// 5. The remaining `stock` map (one entry per input good) becomes
///    `outcome.unallocated`.
///
/// Properties guaranteed by the implementation:
/// * **Determinism** — same `(needs, stock)` input always yields an
///   identical `AllocationOutcome` (BTreeMap iteration + the sort
///   tie-breaker above are the only sources of order).
/// * **Conservation** — for every good `g`,
///   `sum_over_agents(received_agent[g]) + outcome.unallocated[g] ==
///   input_stock[g]`. No units are created or destroyed.
/// * **Subsistence first** — all Subsistence needs are processed before
///   any Luxury need consumes stock.
/// * **Integer-friendly** — every unit is `i64`; `f64` is used only for
///   the user's satisfaction input.
pub fn subsistence_first_allocate(
    needs: &[AgentNeed],
    stock: BTreeMap<GoodId, i64>,
) -> AllocationOutcome {
    let mut outcome = AllocationOutcome::default();
    let mut remaining: BTreeMap<GoodId, i64> = stock;

    // Sort by (Subsistence first, deficit desc, agent_id asc). We sort
    // outside the loop so the algorithm is observably a single pass after
    // the (deterministic) ordering is fixed.
    let mut indexed: Vec<(usize, &AgentNeed)> = needs.iter().enumerate().collect();
    indexed.sort_by(|(idx_a, a), (idx_b, b)| {
        // Subsistence (0) sorts before Luxury (1). Encode Luxury as the
        // larger key so `key.cmp(&other)` puts Subsistence first.
        let kind_key = |n: &AgentNeed| -> u8 {
            match n.kind {
                NeedKind::Subsistence => 0,
                NeedKind::Luxury => 1,
            }
        };
        kind_key(a)
            .cmp(&kind_key(b))
            // Higher deficit first.
            .then_with(|| b.deficit().partial_cmp(&a.deficit()).unwrap_or(std::cmp::Ordering::Equal))
            // Stable tie-break: lower agent id first.
            .then_with(|| a.agent_id.cmp(&b.agent_id))
            // Final fallback to original slice order for full determinism
            // across two needs with identical (kind, deficit, agent_id)
            // (impossible if agent_id is unique, but defensive).
            .then_with(|| idx_a.cmp(idx_b))
    });

    for (_, need) in indexed {
        let want = need.need_units();
        if want == 0 {
            // Need is already satisfied; record a 0 receipt (for
            // determinism / audit) but skip the stock lookup.
            outcome.received.entry(need.agent_id).or_insert(0);
            continue;
        }

        let available = remaining.get(&need.good).copied().unwrap_or(0).max(0);
        let allocated = want.min(available);
        if allocated > 0 {
            *remaining.entry(need.good).or_insert(0) -= allocated;
        }
        // Always record a receipt (0 included) so callers can assert
        // `received.get(&agent) == Some(0)` for agents whose need was unmet.
        *outcome.received.entry(need.agent_id).or_insert(0) += allocated;

        if matches!(need.kind, NeedKind::Subsistence) && allocated < want {
            *outcome
                .deprivation_counters
                .entry(need.agent_id)
                .or_insert(0) += 1;
        }
    }

    // Mirror the input stock keys (including zero remainders) so callers
    // can assert on per-good leftover without a separate `was_present` map.
    for (good, units) in &remaining {
        outcome.unallocated.insert(*good, *units);
    }

    outcome
}


#[cfg(test)]
mod tests {
    use super::*;
    use proptest::prelude::*;

    #[test]
    fn capitalist_allocator_fills_demand_when_budget_sufficient() {
        let alloc = CapitalistAllocator;
        assert_eq!(alloc.allocate(100, 50), 50);
        assert_eq!(alloc.allocate(100, 100), 100);
    }

    #[test]
    fn capitalist_allocator_rations_proportionally_when_budget_scarce() {
        let alloc = CapitalistAllocator;
        assert_eq!(alloc.allocate(50, 100), 50);
        assert_eq!(alloc.allocate(33, 100), 33);
    }

    #[test]
    fn capitalist_allocator_returns_zero_for_non_positive_inputs() {
        let alloc = CapitalistAllocator;
        assert_eq!(alloc.allocate(0, 100), 0);
        assert_eq!(alloc.allocate(100, 0), 0);
        assert_eq!(alloc.allocate(-10, 50), 0);
        assert_eq!(alloc.allocate(50, -1), 0);
    }

    #[test]
    fn allocate_with_dispatches_per_regime() {
        // Scarce budget (40) vs demand (100): capitalist rations proportionally
        // (40), planned/joule cap at the budget ceiling (also 40 here) — same
        // single-good result, but routed through distinct regimes.
        assert_eq!(allocate_with(AllocationRegime::Capitalist, 40, 100), 40);
        assert_eq!(allocate_with(AllocationRegime::Planned, 40, 100), 40);
        assert_eq!(allocate_with(AllocationRegime::Joule, 40, 100), 40);
        // Sufficient budget: all regimes fill the demand.
        assert_eq!(allocate_with(AllocationRegime::Planned, 100, 60), 60);
        // Default regime is Capitalist.
        assert_eq!(AllocationRegime::default(), AllocationRegime::Capitalist);
    }

    #[test]
    fn allocate_with_never_exceeds_budget() {
        for regime in [
            AllocationRegime::Capitalist,
            AllocationRegime::Planned,
            AllocationRegime::Joule,
        ] {
            assert!(allocate_with(regime, 30, 1_000) <= 30);
            assert_eq!(allocate_with(regime, 0, 100), 0);
        }
    }

    #[test]
    fn planned_allocator_fills_to_ceiling_then_caps() {
        let alloc = PlannedAllocator;
        assert_eq!(alloc.allocate(100, 50), 50); // demand met fully
        assert_eq!(alloc.allocate(40, 100), 40); // capped at budget, not rationed
    }

    #[test]
    fn joule_allocator_matches_planned_at_single_good() {
        assert_eq!(JouleAllocator.allocate(40, 100), PlannedAllocator.allocate(40, 100));
    }

    #[test]
    fn priority_tier_orders_subsistence_first() {
        assert!(PriorityTier::Subsistence < PriorityTier::Luxury);
        assert!(PriorityTier::Basic < PriorityTier::Comfort);
    }

    #[test]
    fn priority_fills_subsistence_before_luxury() {
        // Budget 60 cannot cover both 50 (subsistence) + 50 (luxury).
        let demands = [(PriorityTier::Luxury, 50), (PriorityTier::Subsistence, 50)];
        let got = allocate_by_priority(&PlannedAllocator, 60, &demands);
        // Subsistence (index 1) fully met; luxury (index 0) gets the remainder.
        assert_eq!(got[1], 50, "subsistence must be filled first");
        assert_eq!(got[0], 10, "luxury gets only the leftover");
    }

    #[test]
    fn priority_starves_lowest_tier_when_budget_tight() {
        let demands = [
            (PriorityTier::Subsistence, 40),
            (PriorityTier::Basic, 40),
            (PriorityTier::Luxury, 40),
        ];
        let got = allocate_by_priority(&PlannedAllocator, 50, &demands);
        assert_eq!(got[0], 40, "subsistence fully met");
        assert_eq!(got[1], 10, "basic gets remainder");
        assert_eq!(got[2], 0, "luxury starved");
    }

    #[test]
    fn priority_zero_budget_grants_nothing() {
        let demands = [(PriorityTier::Subsistence, 40)];
        assert_eq!(allocate_by_priority(&PlannedAllocator, 0, &demands), vec![0]);
    }

    proptest! {
        /// When budget and demand are non-negative, allocation never exceeds budget.
        #[test]
        fn capitalist_allocator_never_exceeds_budget(
            budget in 0i64..,
            demand in 0i64..,
        ) {
            let allocated = CapitalistAllocator.allocate(budget, demand);
            prop_assert!(allocated <= budget, "allocated {allocated} > budget {budget}");
        }

        /// Allocation is always non-negative for any inputs.
        #[test]
        fn capitalist_allocator_never_negative(
            budget in any::<i64>(),
            demand in any::<i64>(),
        ) {
            let allocated = CapitalistAllocator.allocate(budget, demand);
            prop_assert!(allocated >= 0, "allocated {allocated} is negative");
        }

        /// Priority allocation never distributes more than the budget in total.
        #[test]
        fn priority_total_within_budget(
            budget in 0i64..1_000_000,
            d0 in 0i64..100_000,
            d1 in 0i64..100_000,
            d2 in 0i64..100_000,
        ) {
            let demands = [
                (PriorityTier::Subsistence, d0),
                (PriorityTier::Basic, d1),
                (PriorityTier::Luxury, d2),
            ];
            let got = allocate_by_priority(&PlannedAllocator, budget, &demands);
            let total: i64 = got.iter().sum();
            prop_assert!(total <= budget, "total {total} > budget {budget}");
            prop_assert!(got.iter().all(|&g| g >= 0), "negative allocation");
        }
    }
}
